IsMachineLevel: False
settings[hithere] = Hello World!
AppSettings[hithere] = Hello World!
