Exception raised: System.Configuration.ConfigurationErrorsException
