<appSettings>
		<add key="aloha" value="aloha" />
	</appSettings>
settings[aloha] = aloha
