DefaultProvider = MyRsaProtectedConfigurationProvider
MyRsaProtectedConfigurationProvider
cspProviderName = '(null)'
keyContainerName = 'MyKeys'
useMachineContainer = 'True'
useOAEP = 'True'
