DefaultProvider = MyRsaProtectedConfigurationProvider
Exception raised: The type specified does not extend ProtectedConfigurationProvider class.
