The protection provider 'FooProvider' was not found.
