connStrings[LocalSqlServer] = data source=127.0.0.1; Integrated Security=SSPI
Section connectionStrings is not protected
