[Current URLs]
My URLs:
  #0 Microsoft6: http://www.microsoft.com port 0
Group name: ff
  #0 Microsoft4: http://www.microsoft.com port 0
Group name: ff1
  #0 Microsoft3: http://www.microsoft.com port 0
  #1 Microsoft5: http://www.microsoft.com port 0
Group name: ff2
