ConfigurationManager.AppSettings.Add resulted in exception
AppSettings[hithere] = Hello World!
settings[hithere] = Hello World!
